
> tasks@0.1.0 test
> react-scripts test --coverage

FAIL src/quizzer/Quizzer.test.tsx
  ● Quizzer Tests › Users can see a list of quizzes, including the quizzes title, description, and how many questions it has

    expect(received).toBeInTheDocument()

    received value must be an HTMLElement or an SVGElement.
    Received has value: null

      42 |                     { exact: false }
      43 |                 )
    > 44 |             ).toBeInTheDocument();
         |               ^
      45 |             expect(
      46 |                 screen.queryByText(QUIZZES[i].body, { exact: false })
      47 |             ).toBeInTheDocument();

      at __EXTERNAL_MATCHER_TRAP__ (node_modules/expect/build/index.js:386:30)
      at Object.toBeInTheDocument (node_modules/expect/build/index.js:387:15)
      at Object.<anonymous> (src/quizzer/Quizzer.test.tsx:44:15)

  ● Quizzer Tests › Users can filter the questions in a list so that only published questions are shown

    expect(received).toBeInTheDocument()

    received value must be an HTMLElement or an SVGElement.
    Received has value: null

      155 |                 exact: false
      156 |             })
    > 157 |         ).toBeInTheDocument();
          |           ^
      158 |     });
      159 |
      160 |     test("Users can delete an existing quiz", () => {

      at __EXTERNAL_MATCHER_TRAP__ (node_modules/expect/build/index.js:386:30)
      at Object.toBeInTheDocument (node_modules/expect/build/index.js:387:15)
      at Object.<anonymous> (src/quizzer/Quizzer.test.tsx:157:11)

  ● Quizzer Tests › Users can add a new quiz question

    expect(received).toBeInTheDocument()

    received value must be an HTMLElement or an SVGElement.
    Received has value: null

      196 |         expect(
      197 |             screen.queryByText("Example Question", { exact: false })
    > 198 |         ).toBeInTheDocument();
          |           ^
      199 |     });
      200 |
      201 |     test("Users can edit the questions and fields of a quiz", () => {

      at __EXTERNAL_MATCHER_TRAP__ (node_modules/expect/build/index.js:386:30)
      at Object.toBeInTheDocument (node_modules/expect/build/index.js:387:15)
      at Object.<anonymous> (src/quizzer/Quizzer.test.tsx:198:11)

  ● Quizzer Tests › Quiz questions can be of AT LEAST two types: a short answer question or multiple choice question

    expect(received).toBeInTheDocument()

    received value must be an HTMLElement or an SVGElement.
    Received has value: undefined

      247 |                 exact: false
      248 |             })[0]
    > 249 |         ).toBeInTheDocument();
          |           ^
      250 |     });
      251 | });
      252 |

      at __EXTERNAL_MATCHER_TRAP__ (node_modules/expect/build/index.js:386:30)
      at Object.toBeInTheDocument (node_modules/expect/build/index.js:387:15)
      at Object.<anonymous> (src/quizzer/Quizzer.test.tsx:249:11)

FAIL src/App.test.tsx
  ● renders the course name somewhere

    TestingLibraryElementError: Unable to find an element with the text: /CISC275/i. This could be because the text is broken up by multiple elements. In this case, you can provide a function for your text matcher to make your matcher more flexible.

    Ignored nodes: comments, <script />, <style />
    [36m<body>[39m
      [36m<div>[39m
        [36m<div[39m
          [33mclass[39m=[32m"App"[39m
        [36m>[39m
          [36m<header[39m
            [33mclass[39m=[32m"App-header"[39m
          [36m>[39m
            [0mJason Chan's Quizzer![0m
            [36m<button[39m
              [33mclass[39m=[32m"btn btn-primary"[39m
              [33mtype[39m=[32m"button"[39m
            [36m>[39m
              [0mQuizzer[0m
            [36m</button>[39m
          [36m</header>[39m
          [36m<div[39m
            [33mstyle[39m=[32m"display: block;"[39m
          [36m>[39m
            [36m<div[39m
              [33mclass[39m=[32m"quizzer"[39m
            [36m>[39m
              [36m<div[39m
                [33mclass[39m=[32m"quiz_list"[39m
              [36m>[39m
                [36m<div[39m
                  [33mclass[39m=[32m"quiz_view_card"[39m
                [36m>[39m
                  [36m<div[39m
                    [33mclass[39m=[32m"d-flex align-items-baseline"[39m
                  [36m>[39m
                    [36m<h3[39m
                      [33mclass[39m=[32m"title"[39m
                    [36m>[39m
                      [0mBlank_Questions[0m
                    [36m</h3>[39m
                    [36m<p>[39m
                      [0m0[0m
                      [0m question[0m
                      [0ms[0m
                    [36m</p>[39m
                  [36m</div>[39m
                  [36m<p>[39m
                    [0mThis quiz is full of blank questions and is not published[0m
                  [36m</p>[39m
                [36m</div>[39m
                [36m<div[39m
                  [33mclass[39m=[32m"quiz_view_card"[39m
                [36m>[39m
                  [36m<div[39m
                    [33mclass[39m=[32m"d-flex align-items-baseline"[39m
                  [36m>[39m
                    [36m<h3[39m
                      [33mclass[39m=[32m"title"[39m
                    [36m>[39m
                      [0mSimple_Questions[0m
                    [36m</h3>[39m
                    [36m<p>[39m
                      [0m2[0m
                      [0m question[0m
                      [0ms[0m
                    [36m</p>[39m
                  [36m</div>[39m
                  [36m<p>[39m
                    [0mThis quiz is full of simple questions and is published[0m
                  [36m</p>[39m
                [36m</div>[39m
                [36m<div[39m
                  [33mclass[39m=[32m"quiz_view_card"[39m
                [36m>[39m
                  [36m<div[39m
                    [33mclass[39m=[32m"d-flex align-items-baseline"[39m
                  [36m>[39m
                    [36m<h3[39m
                      [33mclass[39m=[32m"title"[39m
                    [36m>[39m
                      [0mTrivia_Questions[0m
                    [36m</h3>[39m
                    [36m<p>[39m
                      [0m0[0m
                      [0m question[0m
                      [0ms[0m
                    [36m</p>[39m
                  [36m</div>[39m
                  [36m<p>[39m
                    [0mThis quiz is full of trivia questions and is published[0m
                  [36m</p>[39m
                [36m</div>[39m
                [36m<div[39m
                  [33mclass[39m=[32m"quiz_view_card"[39m
                [36m>[39m
                  [36m<div[39m
                    [33mclass[39m=[32m"d-flex align-items-baseline"[39m
                  [36m>[39m
                    [36m<h3[39m
                      [33mclass[39m=[32m"title"[39m
                    [36m>[39m
                      [0mEmpty_Questions[0m
                    [36m</h3>[39m
                    [36m<p>[39m
                      [0m4[0m
                      [0m question[0m
                      [0ms[0m
                    [36m</p>[39m
                  [36m</div>[39m
                  [36m<p>[39m
                    [0mThis quiz is full of empty questions and is published[0m
                  [36m</p>[39m
                [36m</div>[39m
                [36m<div[39m
                  [33mclass[39m=[32m"quiz_view_card"[39m
                [36m>[39m
                  [36m<div[39m
                    [33mclass[39m=[32m"d-flex align-items-baseline"[39m
                  [36m>[39m
                    [36m<h3[39m
                      [33mclass[39m=[32m"title"[39m
                    [36m>[39m
                      [0mSimple_Questions2[0m
                    [36m</h3>[39m
                    [36m<p>[39m
                      [0m5[0m
                      [0m question[0m
                      [0ms[0m
                    [36m</p>[39m
                  [36m</div>[39m
                  [36m<p>[39m
                    [0mThis quiz is the second full of simple questions and is published[0m
                  [36m</p>[39m
                [36m</div>[39m
                [36m<button[39m
                  [33mclass[39m=[32m"add_btn btn btn-primary"[39m
                  [33mtype[39m=[32m"button"[39m
                [36m>[39m
                  [0mAdd New Quiz[0m
                [36m</button>[39m
              [36m</div>[39m
              [36m<div />[39m
              [36m<hr />[39m
              [36m<h2[39m
                [33mstyle[39m=[32m"color: white;"[39m
              [36m>[39m
                [0mApplication Sketch[0m
              [36m</h2>[39m
              [36m<hr />[39m
              [36m<div[39m
                [33mstyle[39m=[32m"color: white;"[39m
              [36m>[39m
                [36m<h2>[39m
                  [0mCompleted Features[0m
                [36m</h2>[39m
                [36m<ul[39m
                  [33mclass[39m=[32m"completedList"[39m
                [36m>[39m
                  [36m<li>[39m
                    [0m [0m
                    [0mUsers can see a list of quizzes, including the quizzes title, description, and how many questions it has (TESTED)[0m
                  [36m</li>[39m
                  [36m<li>[39m
                    [0mUsers can select a specific quiz to see the questions, including the questions name, body, and points (TESTED)[0m
                  [36m</li>[39m
                  [36m<li>[39m
                    [0mQuiz questions can be of AT LEAST two types: a short answer question or multiple choice question (TESTED)[0m
                  [36m</li>[39m
                  [36m<li>[39m
                    [0mUsers can enter or choose an answer for a quiz question, and be told if they are correct (TESTED)[0m
                  [36m</li>[39m
                  [36m<li>[39m
                    [0mUsers can see how many total points they have earned (TESTED)[0m
                  [36m</li>[39m
                  [36m<li>[39m
                    [0mUsers can clear out their existing answers for a quiz (TESTED)[0m
                  [36m</li>[39m
                  [36m<li>[39m
                    [0mUsers can publish or unpublish a question (TESTED)[0m
                  [36m</li>[39m
                  [36m<li>[39m
                    [0mUsers can filter the questions in a list so that only published questions are shown (TESTED)[0m
                  [36m</li>[39m
                  [36m<li>[39m
                    [0mUsers can edit the questions and fields of a quiz (TESTED)[0m
                  [36m</li>[39m
                  [36m<li>[39m
                    [0mUsers can add a new quiz question (TESTED)[0m
                  [36m</li>[39m
                  [36m<li>[39m
                    [0mUsers can delete an existing quiz question (TESTED)[0m
                  [36m</li>[39m
                  [36m<li>[39m
                    [0mUsers can reorder quiz questions (TESTED)[0m
                  [36m</li>[39m
                  [36m<li>[39m
                    [0mUsers can add a new quiz (TESTED)[0m
                  [36m</li>[39m
                  [36m<li>[39m
                    [0mUsers can delete an existing quiz (TESTED)[0m
                  [36m</li>[39m
                [36m</ul>[39m
              [36m</div>[39m
            [36m</div>[39m
          [36m</div>[39m
        [36m</div>[39m
      [36m</div>[39m
    [36m</body>[39m

       5 | test("renders the course name somewhere", () => {
       6 |     render(<App />);
    >  7 |     const linkElement = screen.getByText(/CISC275/i);
         |                                ^
       8 |     expect(linkElement).toBeInTheDocument();
       9 | });
      10 |

      at Object.getElementError (node_modules/@testing-library/dom/dist/config.js:38:19)
      at node_modules/@testing-library/dom/dist/query-helpers.js:90:38
      at node_modules/@testing-library/dom/dist/query-helpers.js:62:17
      at getByText (node_modules/@testing-library/dom/dist/query-helpers.js:111:19)
      at Object.<anonymous> (src/App.test.tsx:7:32)
      at TestScheduler.scheduleTests (node_modules/@jest/core/build/TestScheduler.js:333:13)
      at runJest (node_modules/@jest/core/build/runJest.js:404:19)
      at _run10000 (node_modules/@jest/core/build/cli/index.js:320:7)
      at runCLI (node_modules/@jest/core/build/cli/index.js:173:3)

-------------------|---------|----------|---------|---------|--------------------------------------------
File               | % Stmts | % Branch | % Funcs | % Lines | Uncovered Line #s                          
-------------------|---------|----------|---------|---------|--------------------------------------------
All files          |   82.06 |    81.03 |   76.71 |   81.29 |                                            
 src               |   66.66 |       50 |      50 |   66.66 |                                            
  App.tsx          |   66.66 |       50 |      50 |   66.66 | 16                                         
 src/interfaces    |       0 |        0 |       0 |       0 |                                            
  question.ts      |       0 |        0 |       0 |       0 |                                            
  quiz.ts          |       0 |        0 |       0 |       0 |                                            
 src/quizzer       |   82.39 |    83.33 |   77.46 |   81.61 |                                            
  AddQuizModal.tsx |   64.28 |      100 |      40 |   64.28 | 36-55                                      
  QuestionEdit.tsx |   42.85 |    64.28 |      40 |   42.85 | 27-30,39-40,47-49,57-59,82,162,196,223,248 
  QuizCard.tsx     |     100 |       75 |     100 |     100 | 32                                         
  QuizEdit.tsx     |   85.18 |      100 |   73.33 |      84 | 27-29,62,92                                
  QuizExpanded.tsx |     100 |    83.33 |     100 |     100 | 70                                         
  QuizList.tsx     |     100 |      100 |     100 |     100 |                                            
  QuizQuestion.tsx |     100 |    85.71 |     100 |     100 | 24-31                                      
  QuizView.tsx     |     100 |      100 |     100 |     100 |                                            
  Quizzer.tsx      |     100 |      100 |     100 |     100 |                                            
-------------------|---------|----------|---------|---------|--------------------------------------------
Test Suites: 2 failed, 2 total
Tests:       5 failed, 10 passed, 15 total
Snapshots:   0 total
Time:        6.399 s
Ran all test suites.
